 Image irs-frontend:latest Building 
#1 [internal] load local bake definitions
#1 reading from stdin 1.11kB done
#1 DONE 0.0s

#2 [internal] load build definition from Dockerfile
#2 transferring dockerfile: 960B done
#2 DONE 0.0s

#3 resolve image config for docker-image://docker.io/docker/dockerfile:1.7
#3 DONE 2.1s

#4 docker-image://docker.io/docker/dockerfile:1.7@sha256:a57df69d0ea827fb7266491f2813635de6f17269be881f696fbfdf2d83dda33e
#4 resolve docker.io/docker/dockerfile:1.7@sha256:a57df69d0ea827fb7266491f2813635de6f17269be881f696fbfdf2d83dda33e 0.0s done
#4 CACHED

#5 [internal] load metadata for docker.io/library/node:22-alpine
#5 DONE 2.4s

#6 [internal] load metadata for docker.io/library/nginx:1.27-alpine
#6 DONE 2.5s

#7 [internal] load .dockerignore
#7 transferring context: 82B done
#7 DONE 0.0s

#8 [internal] load build context
#8 DONE 0.0s

#9 [runtime 1/4] FROM docker.io/library/nginx:1.27-alpine@sha256:65645c7bb6a0661892a8b03b89d0743208a18dd2f3f17a54ef4b76fb8e2f2a10
#9 resolve docker.io/library/nginx:1.27-alpine@sha256:65645c7bb6a0661892a8b03b89d0743208a18dd2f3f17a54ef4b76fb8e2f2a10 0.0s done
#9 DONE 0.1s

#10 [builder 1/7] FROM docker.io/library/node:22-alpine@sha256:c610fcdfb1d5b4740dd70c284ed3cb16bb857e0f7166196e36a5501df7a3aa32
#10 resolve docker.io/library/node:22-alpine@sha256:c610fcdfb1d5b4740dd70c284ed3cb16bb857e0f7166196e36a5501df7a3aa32 0.1s done
#10 DONE 0.1s

#8 [internal] load build context
#8 transferring context: 331.31kB 0.0s done
#8 DONE 0.0s

#11 [builder 4/7] RUN --mount=type=cache,target=/root/.npm     if [ -f package-lock.json ]; then npm ci; else npm install; fi
#11 CACHED

#12 [builder 3/7] COPY package.json package-lock.json* ./
#12 CACHED

#13 [builder 2/7] WORKDIR /app
#13 CACHED

#14 [builder 5/7] COPY tsconfig.json vite.config.ts eslint.config.js index.html ./
#14 CACHED

#15 [builder 6/7] COPY src ./src
#15 DONE 0.1s

#16 [builder 7/7] RUN npm run typecheck && npm run lint && npm run test && npm run build
#16 1.400 
#16 1.400 > irs-frontend@1.0.0 typecheck
#16 1.400 > tsc --noEmit
#16 1.400 
#16 14.60 npm notice
#16 14.60 npm notice New major version of npm available! 10.9.8 -> 12.0.2
#16 14.60 npm notice Changelog: https://github.com/npm/cli/releases/tag/v12.0.2
#16 14.60 npm notice To update run: npm install -g npm@12.0.2
#16 14.60 npm notice
#16 14.80 
#16 14.80 > irs-frontend@1.0.0 lint
#16 14.80 > eslint .
#16 14.80 
#16 32.97 
#16 32.97 > irs-frontend@1.0.0 test
#16 32.97 > vitest run
#16 32.97 
#16 34.09 
#16 34.09  RUN  v2.1.9 /app
#16 34.09 
#16 36.34  ✓ src/lib/highlights.test.ts (2 tests) 8ms
#16 36.34  ✓ src/components/charts/rankerColor.test.ts (3 tests) 9ms
#16 36.35  ✓ src/lib/format.test.ts (4 tests) 9ms
#16 36.39  ✓ src/lib/theme.test.ts (2 tests) 16ms
#16 36.43  ✓ src/lib/api/client.test.ts (4 tests) 48ms
#16 36.49  ✓ src/lib/api/schemas.test.ts (4 tests) 19ms
#16 37.44  ✓ src/components/ui/SegmentedControl.test.tsx (3 tests) 244ms
#16 37.47 
#16 37.47  Test Files  7 passed (7)
#16 37.47       Tests  22 passed (22)
#16 37.47    Start at  17:56:16
#16 37.47    Duration  3.38s (transform 722ms, setup 2.26s, collect 2.13s, tests 352ms, environment 8.43s, prepare 1.34s)
#16 37.47 
#16 37.67 
#16 37.67 > irs-frontend@1.0.0 build
#16 37.67 > tsc -b && vite build
#16 37.67 
#16 49.83 vite v6.4.3 building for production...
#16 49.94 transforming...
#16 59.93 ✓ 1777 modules transformed.
#16 60.60 rendering chunks...
#16 62.27 computing gzip size...
#16 62.41 dist/index.html                                           1.17 kB │ gzip:   0.59 kB
#16 62.41 dist/assets/KaTeX_Size3-Regular-CTq5MqoE.woff             4.42 kB
#16 62.41 dist/assets/KaTeX_Size4-Regular-Dl5lxZxV.woff2            4.93 kB
#16 62.41 dist/assets/KaTeX_Size2-Regular-Dy4dx90m.woff2            5.21 kB
#16 62.41 dist/assets/KaTeX_Size1-Regular-mCD8mA8B.woff2            5.47 kB
#16 62.41 dist/assets/KaTeX_Size4-Regular-BF-4gkZK.woff             5.98 kB
#16 62.41 dist/assets/KaTeX_Size2-Regular-oD1tc_U0.woff             6.19 kB
#16 62.41 dist/assets/KaTeX_Size1-Regular-C195tn64.woff             6.50 kB
#16 62.41 dist/assets/KaTeX_Caligraphic-Regular-Di6jR-x-.woff2      6.91 kB
#16 62.41 dist/assets/KaTeX_Caligraphic-Bold-Dq_IR9rO.woff2         6.91 kB
#16 62.41 dist/assets/KaTeX_Size3-Regular-DgpXs0kz.ttf              7.59 kB
#16 62.41 dist/assets/KaTeX_Caligraphic-Regular-CTRA-rTL.woff       7.66 kB
#16 62.41 dist/assets/KaTeX_Caligraphic-Bold-BEiXGLvX.woff          7.72 kB
#16 62.41 dist/assets/KaTeX_Script-Regular-D3wIWfF6.woff2           9.64 kB
#16 62.41 dist/assets/KaTeX_SansSerif-Regular-DDBCnlJ7.woff2       10.34 kB
#16 62.41 dist/assets/KaTeX_Size4-Regular-DWFBv043.ttf             10.36 kB
#16 62.41 dist/assets/KaTeX_Script-Regular-D5yQViql.woff           10.59 kB
#16 62.41 dist/assets/KaTeX_Fraktur-Regular-CTYiF6lA.woff2         11.32 kB
#16 62.41 dist/assets/KaTeX_Fraktur-Bold-CL6g_b3V.woff2            11.35 kB
#16 62.41 dist/assets/KaTeX_Size2-Regular-B7gKUWhC.ttf             11.51 kB
#16 62.41 dist/assets/KaTeX_SansSerif-Italic-C3H0VqGB.woff2        12.03 kB
#16 62.41 dist/assets/KaTeX_SansSerif-Bold-D1sUS0GD.woff2          12.22 kB
#16 62.41 dist/assets/KaTeX_Size1-Regular-Dbsnue_I.ttf             12.23 kB
#16 62.41 dist/assets/KaTeX_SansSerif-Regular-CS6fqUqJ.woff        12.32 kB
#16 62.41 dist/assets/KaTeX_Caligraphic-Regular-wX97UBjC.ttf       12.34 kB
#16 62.41 dist/assets/KaTeX_Caligraphic-Bold-ATXxdsX0.ttf          12.37 kB
#16 62.41 dist/assets/KaTeX_Fraktur-Regular-Dxdc4cR9.woff          13.21 kB
#16 62.41 dist/assets/KaTeX_Fraktur-Bold-BsDP51OF.woff             13.30 kB
#16 62.41 dist/assets/KaTeX_Typewriter-Regular-CO6r4hn1.woff2      13.57 kB
#16 62.41 dist/assets/KaTeX_SansSerif-Italic-DN2j7dab.woff         14.11 kB
#16 62.41 dist/assets/KaTeX_SansSerif-Bold-DbIhKOiC.woff           14.41 kB
#16 62.41 dist/assets/KaTeX_Typewriter-Regular-C0xS9mPB.woff       16.03 kB
#16 62.41 dist/assets/KaTeX_Math-BoldItalic-CZnvNsCZ.woff2         16.40 kB
#16 62.41 dist/assets/KaTeX_Math-Italic-t53AETM-.woff2             16.44 kB
#16 62.41 dist/assets/KaTeX_Script-Regular-C5JkGWo-.ttf            16.65 kB
#16 62.41 dist/assets/KaTeX_Main-BoldItalic-DxDJ3AOS.woff2         16.78 kB
#16 62.41 dist/assets/KaTeX_Main-Italic-NWA7e6Wa.woff2             16.99 kB
#16 62.41 dist/assets/KaTeX_Math-BoldItalic-iY-2wyZ7.woff          18.67 kB
#16 62.41 dist/assets/KaTeX_Math-Italic-DA0__PXp.woff              18.75 kB
#16 62.41 dist/assets/KaTeX_Main-BoldItalic-SpSLRI95.woff          19.41 kB
#16 62.41 dist/assets/KaTeX_SansSerif-Regular-BNo7hRIc.ttf         19.44 kB
#16 62.41 dist/assets/KaTeX_Fraktur-Regular-CB_wures.ttf           19.57 kB
#16 62.41 dist/assets/KaTeX_Fraktur-Bold-BdnERNNW.ttf              19.58 kB
#16 62.41 dist/assets/KaTeX_Main-Italic-BMLOBm91.woff              19.68 kB
#16 62.41 dist/assets/KaTeX_SansSerif-Italic-YYjJ1zSn.ttf          22.36 kB
#16 62.41 dist/assets/KaTeX_SansSerif-Bold-CFMepnvq.ttf            24.50 kB
#16 62.41 dist/assets/KaTeX_Main-Bold-Cx986IdX.woff2               25.32 kB
#16 62.41 dist/assets/KaTeX_Main-Regular-B22Nviop.woff2            26.27 kB
#16 62.41 dist/assets/KaTeX_Typewriter-Regular-D3Ib7_Hf.ttf        27.56 kB
#16 62.41 dist/assets/KaTeX_AMS-Regular-BQhdFMY1.woff2             28.08 kB
#16 62.41 dist/assets/KaTeX_Main-Bold-Jm3AIy58.woff                29.91 kB
#16 62.41 dist/assets/KaTeX_Main-Regular-Dr94JaBh.woff             30.77 kB
#16 62.41 dist/assets/KaTeX_Math-BoldItalic-B3XSjfu4.ttf           31.20 kB
#16 62.41 dist/assets/KaTeX_Math-Italic-flOr_0UB.ttf               31.31 kB
#16 62.41 dist/assets/KaTeX_Main-BoldItalic-DzxPMmG6.ttf           32.97 kB
#16 62.41 dist/assets/KaTeX_AMS-Regular-DMm9YOAa.woff              33.52 kB
#16 62.41 dist/assets/KaTeX_Main-Italic-3WenGoN9.ttf               33.58 kB
#16 62.41 dist/assets/KaTeX_Main-Bold-waoOVXN0.ttf                 51.34 kB
#16 62.41 dist/assets/KaTeX_Main-Regular-ypZvNtVU.ttf              53.58 kB
#16 62.41 dist/assets/KaTeX_AMS-Regular-DRggAlZN.ttf               63.63 kB
#16 62.41 dist/assets/index-YQTv0EVb.css                           62.70 kB │ gzip:  15.33 kB
#16 62.41 dist/assets/LiveRegion-Bw73H2R3.js                        0.24 kB │ gzip:   0.21 kB │ map:     0.65 kB
#16 62.41 dist/assets/editions-D240FZxC.js                          0.27 kB │ gzip:   0.22 kB │ map:     0.73 kB
#16 62.41 dist/assets/Skeleton-Xv3FPz9B.js                          0.39 kB │ gzip:   0.31 kB │ map:     0.93 kB
#16 62.41 dist/assets/Stat-D2eTMXPg.js                              0.49 kB │ gzip:   0.32 kB │ map:     0.98 kB
#16 62.41 dist/assets/Formula-mRsRQuAB.js                           0.54 kB │ gzip:   0.40 kB │ map:     1.58 kB
#16 62.41 dist/assets/grades-BkMRjyp3.js                            0.65 kB │ gzip:   0.36 kB │ map:     1.36 kB
#16 62.41 dist/assets/Card-DvSr4yNF.js                              0.79 kB │ gzip:   0.48 kB │ map:     2.12 kB
#16 62.41 dist/assets/rankerColor-B5VO0IBy.js                       0.84 kB │ gzip:   0.53 kB │ map:     3.69 kB
#16 62.41 dist/assets/PageHeader-Da8ti8An.js                        0.87 kB │ gzip:   0.49 kB │ map:     1.94 kB
#16 62.41 dist/assets/Toggle-CmKAYJCX.js                            0.95 kB │ gzip:   0.57 kB │ map:     2.18 kB
#16 62.41 dist/assets/useEventSource-CvEpVr4Y.js                    1.00 kB │ gzip:   0.61 kB │ map:     4.63 kB
#16 62.41 dist/assets/HelpTip-DY_jdTk9.js                           1.19 kB │ gzip:   0.70 kB │ map:     3.14 kB
#16 62.41 dist/assets/GradeDistribution-C4s-IoZz.js                 1.20 kB │ gzip:   0.75 kB │ map:     3.14 kB
#16 62.41 dist/assets/Table-CPkkVFmT.js                             1.23 kB │ gzip:   0.65 kB │ map:     3.60 kB
#16 62.41 dist/assets/Badge-DoQhedTa.js                             1.29 kB │ gzip:   0.67 kB │ map:     3.43 kB
#16 62.41 dist/assets/GroupedBarsWithCI-CB5ml9wq.js                 1.58 kB │ gzip:   0.92 kB │ map:     4.48 kB
#16 62.41 dist/assets/useEvaluationContext-DD_cVfOU.js              1.60 kB │ gzip:   0.83 kB │ map:     6.22 kB
#16 62.41 dist/assets/Dialog-BDI5IjLN.js                            1.61 kB │ gzip:   0.87 kB │ map:     3.89 kB
#16 62.41 dist/assets/ChartFrame-JSd3OSC_.js                        1.64 kB │ gzip:   0.80 kB │ map:     4.25 kB
#16 62.41 dist/assets/formulas-C8IoxAnX.js                          2.50 kB │ gzip:   1.12 kB │ map:     4.18 kB
#16 62.41 dist/assets/index-KVRW1J0q.js                             3.04 kB │ gzip:   1.48 kB │ map:    18.40 kB
#16 62.41 dist/assets/useMutation-CwXZfvaf.js                       3.29 kB │ gzip:   1.36 kB │ map:     9.43 kB
#16 62.41 dist/assets/useQueries-CWLjB94q.js                        4.60 kB │ gzip:   1.95 kB │ map:    18.33 kB
#16 62.41 dist/assets/EvaluationLayout-5xD2-O01.js                  5.22 kB │ gzip:   2.18 kB │ map:    11.32 kB
#16 62.41 dist/assets/DocumentPage-BCqVBIZc.js                      5.36 kB │ gzip:   2.30 kB │ map:    13.85 kB
#16 62.41 dist/assets/metricsRu-BzkE1M-X.js                         5.50 kB │ gzip:   2.08 kB │ map:     7.67 kB
#16 62.41 dist/assets/VectorSpace-Dl11TbJf.js                       5.72 kB │ gzip:   2.42 kB │ map:    18.50 kB
#16 62.41 dist/assets/ComparePage-BiolS89g.js                       5.87 kB │ gzip:   2.31 kB │ map:    14.95 kB
#16 62.41 dist/assets/OverviewPage-CxH2UDw0.js                      6.17 kB │ gzip:   2.62 kB │ map:    17.08 kB
#16 62.41 dist/assets/JudgePage-DhpmkaIr.js                         6.46 kB │ gzip:   2.80 kB │ map:    14.80 kB
#16 62.41 dist/assets/CorpusPage-Cz5Ukb-q.js                        6.99 kB │ gzip:   2.87 kB │ map:    17.68 kB
#16 62.41 dist/assets/SignificancePage-CghtWZ0Z.js                  7.36 kB │ gzip:   3.01 kB │ map:    18.31 kB
#16 62.41 dist/assets/CurvesPage-BMPVDq9v.js                        7.56 kB │ gzip:   3.07 kB │ map:    23.18 kB
#16 62.41 dist/assets/PerQueryPage-D8uSmGjn.js                      7.76 kB │ gzip:   3.14 kB │ map:    21.85 kB
#16 62.41 
#16 62.41 (!) Some chunks are larger than 500 kB after minification. Consider:
#16 62.41 - Using dynamic import() to code-split the application
#16 62.41 - Use build.rollupOptions.output.manualChunks to improve chunking: https://rollupjs.org/configuration-options/#output-manualchunks
#16 62.41 - Adjust chunk size limit for this warning via build.chunkSizeWarningLimit.
#16 62.41 dist/assets/LabPage-DxCFwzLZ.js                          12.13 kB │ gzip:   4.84 kB │ map:    32.53 kB
#16 62.41 dist/assets/CollectionPage-BcuXWu30.js                   13.15 kB │ gzip:   4.70 kB │ map:    35.13 kB
#16 62.41 dist/assets/CrawlPage-CQLnQw5c.js                        15.06 kB │ gzip:   5.24 kB │ map:    41.72 kB
#16 62.41 dist/assets/SearchPage-B4LVYjR9.js                       17.18 kB │ gzip:   5.95 kB │ map:    46.83 kB
#16 62.41 dist/assets/HelpPage-Du6UQDsr.js                         36.68 kB │ gzip:  12.69 kB │ map:    54.45 kB
#16 62.41 dist/assets/math-Dc8nsIP1.js                            261.12 kB │ gzip:  77.54 kB │ map:   975.35 kB
#16 62.41 dist/assets/index-tTeu1cV_.js                           386.82 kB │ gzip: 121.38 kB │ map: 1,577.04 kB
#16 62.41 dist/assets/charts-D2Umv1Qj.js                          406.28 kB │ gzip: 112.09 kB │ map: 1,742.43 kB
#16 62.41 dist/assets/three-DtaJLtkj.js                         1,078.00 kB │ gzip: 299.85 kB │ map: 4,211.56 kB
#16 62.41 ✓ built in 12.54s
#16 DONE 62.6s

#17 [runtime 2/4] RUN rm /etc/nginx/conf.d/default.conf
#17 CACHED

#18 [runtime 3/4] COPY nginx.conf /etc/nginx/conf.d/irs.conf
#18 CACHED

#19 [runtime 4/4] COPY --from=builder /app/dist /usr/share/nginx/html
#19 DONE 0.1s

#20 exporting to image
#20 exporting layers
#20 exporting layers 0.9s done
#20 exporting manifest sha256:fecc9d6d979586e410e4c7297089c9c0f214fc70aa530d5958aed3123ef2f447 0.0s done
#20 exporting config sha256:e24b85ca76e05d367407455cd9fa8337ce4ca2a2bb5dec3290e916a22abda966 0.0s done
#20 exporting attestation manifest sha256:f4a3fca8775b6ad4a6cbe4013affc5221589c333904a9ef8970040f83d50f565 0.0s done
#20 exporting manifest list sha256:e8328c396e6ae2c4a54bb14dc5980c80d97955fdba642ab8e519620408ba4a77 0.0s done
#20 naming to docker.io/library/irs-frontend:latest
#20 naming to docker.io/library/irs-frontend:latest done
#20 unpacking to docker.io/library/irs-frontend:latest 0.1s done
#20 DONE 1.2s

#21 resolving provenance for metadata file
#21 DONE 0.0s
 Image irs-frontend:latest Built 
 Container irs-api Running 
 Container irs-postgres Running 
 Container irs-redis Running 
 Container irs-web Recreate 
 Container irs-web Recreated 
 Container irs-redis Waiting 
 Container irs-postgres Waiting 
 Container irs-redis Healthy 
 Container irs-postgres Healthy 
 Container irs-api Waiting 
 Container irs-api Healthy 
 Container irs-web Starting 
 Container irs-web Started 
exit 0
