 Image irs-frontend:latest Building 
#1 [internal] load local bake definitions
#1 reading from stdin 1.11kB done
#1 DONE 0.0s

#2 [internal] load build definition from Dockerfile
#2 transferring dockerfile: 960B done
#2 DONE 0.0s

#3 resolve image config for docker-image://docker.io/docker/dockerfile:1.7
#3 DONE 1.1s

#4 docker-image://docker.io/docker/dockerfile:1.7@sha256:a57df69d0ea827fb7266491f2813635de6f17269be881f696fbfdf2d83dda33e
#4 resolve docker.io/docker/dockerfile:1.7@sha256:a57df69d0ea827fb7266491f2813635de6f17269be881f696fbfdf2d83dda33e 0.0s done
#4 CACHED

#5 [internal] load metadata for docker.io/library/node:22-alpine
#5 ...

#6 [internal] load metadata for docker.io/library/nginx:1.27-alpine
#6 DONE 1.2s

#5 [internal] load metadata for docker.io/library/node:22-alpine
#5 DONE 1.2s

#7 [internal] load .dockerignore
#7 transferring context: 82B done
#7 DONE 0.0s

#8 [runtime 1/4] FROM docker.io/library/nginx:1.27-alpine@sha256:65645c7bb6a0661892a8b03b89d0743208a18dd2f3f17a54ef4b76fb8e2f2a10
#8 resolve docker.io/library/nginx:1.27-alpine@sha256:65645c7bb6a0661892a8b03b89d0743208a18dd2f3f17a54ef4b76fb8e2f2a10 0.0s done
#8 DONE 0.0s

#9 [builder 1/7] FROM docker.io/library/node:22-alpine@sha256:c610fcdfb1d5b4740dd70c284ed3cb16bb857e0f7166196e36a5501df7a3aa32
#9 resolve docker.io/library/node:22-alpine@sha256:c610fcdfb1d5b4740dd70c284ed3cb16bb857e0f7166196e36a5501df7a3aa32 0.0s done
#9 DONE 0.0s

#10 [internal] load build context
#10 transferring context: 40.71kB 0.0s done
#10 DONE 0.0s

#11 [builder 2/7] WORKDIR /app
#11 CACHED

#12 [builder 3/7] COPY package.json package-lock.json* ./
#12 CACHED

#13 [builder 4/7] RUN --mount=type=cache,target=/root/.npm     if [ -f package-lock.json ]; then npm ci; else npm install; fi
#13 CACHED

#14 [builder 5/7] COPY tsconfig.json vite.config.ts eslint.config.js index.html ./
#14 CACHED

#15 [builder 6/7] COPY src ./src
#15 DONE 0.1s

#16 [builder 7/7] RUN npm run typecheck && npm run lint && npm run test && npm run build
#16 0.583 
#16 0.583 > irs-frontend@1.0.0 typecheck
#16 0.583 > tsc --noEmit
#16 0.583 
#16 12.28 npm notice
#16 12.28 npm notice New major version of npm available! 10.9.8 -> 12.0.2
#16 12.28 npm notice Changelog: https://github.com/npm/cli/releases/tag/v12.0.2
#16 12.28 npm notice To update run: npm install -g npm@12.0.2
#16 12.28 npm notice
#16 12.44 
#16 12.44 > irs-frontend@1.0.0 lint
#16 12.44 > eslint .
#16 12.44 
#16 29.14 
#16 29.14 > irs-frontend@1.0.0 test
#16 29.14 > vitest run
#16 29.14 
#16 29.70 
#16 29.70  RUN  v2.1.9 /app
#16 29.70 
#16 31.38  ✓ src/lib/highlights.test.ts (2 tests) 6ms
#16 31.40  ✓ src/lib/format.test.ts (4 tests) 9ms
#16 31.40  ✓ src/lib/theme.test.ts (2 tests) 10ms
#16 31.43  ✓ src/lib/api/client.test.ts (4 tests) 39ms
#16 31.48  ✓ src/lib/api/schemas.test.ts (4 tests) 14ms
#16 31.60  ✓ src/components/charts/rankerColor.test.ts (3 tests) 12ms
#16 32.08  ✓ src/components/ui/SegmentedControl.test.tsx (3 tests) 249ms
#16 32.10 
#16 32.11  Test Files  7 passed (7)
#16 32.11       Tests  22 passed (22)
#16 32.11    Start at  18:00:00
#16 32.11    Duration  2.41s (transform 768ms, setup 1.26s, collect 1.74s, tests 337ms, environment 6.18s, prepare 1.10s)
#16 32.11 
#16 32.33 
#16 32.33 > irs-frontend@1.0.0 build
#16 32.33 > tsc -b && vite build
#16 32.33 
#16 44.42 vite v6.4.3 building for production...
#16 44.51 transforming...
#16 53.96 ✓ 1777 modules transformed.
#16 54.71 rendering chunks...
#16 55.83 computing gzip size...
#16 56.07 dist/index.html                                           1.17 kB │ gzip:   0.59 kB
#16 56.07 dist/assets/KaTeX_Size3-Regular-CTq5MqoE.woff             4.42 kB
#16 56.07 dist/assets/KaTeX_Size4-Regular-Dl5lxZxV.woff2            4.93 kB
#16 56.07 dist/assets/KaTeX_Size2-Regular-Dy4dx90m.woff2            5.21 kB
#16 56.07 dist/assets/KaTeX_Size1-Regular-mCD8mA8B.woff2            5.47 kB
#16 56.07 dist/assets/KaTeX_Size4-Regular-BF-4gkZK.woff             5.98 kB
#16 56.07 dist/assets/KaTeX_Size2-Regular-oD1tc_U0.woff             6.19 kB
#16 56.07 dist/assets/KaTeX_Size1-Regular-C195tn64.woff             6.50 kB
#16 56.07 dist/assets/KaTeX_Caligraphic-Regular-Di6jR-x-.woff2      6.91 kB
#16 56.07 dist/assets/KaTeX_Caligraphic-Bold-Dq_IR9rO.woff2         6.91 kB
#16 56.07 dist/assets/KaTeX_Size3-Regular-DgpXs0kz.ttf              7.59 kB
#16 56.07 dist/assets/KaTeX_Caligraphic-Regular-CTRA-rTL.woff       7.66 kB
#16 56.07 dist/assets/KaTeX_Caligraphic-Bold-BEiXGLvX.woff          7.72 kB
#16 56.07 dist/assets/KaTeX_Script-Regular-D3wIWfF6.woff2           9.64 kB
#16 56.07 dist/assets/KaTeX_SansSerif-Regular-DDBCnlJ7.woff2       10.34 kB
#16 56.07 dist/assets/KaTeX_Size4-Regular-DWFBv043.ttf             10.36 kB
#16 56.07 dist/assets/KaTeX_Script-Regular-D5yQViql.woff           10.59 kB
#16 56.07 dist/assets/KaTeX_Fraktur-Regular-CTYiF6lA.woff2         11.32 kB
#16 56.07 dist/assets/KaTeX_Fraktur-Bold-CL6g_b3V.woff2            11.35 kB
#16 56.07 dist/assets/KaTeX_Size2-Regular-B7gKUWhC.ttf             11.51 kB
#16 56.07 dist/assets/KaTeX_SansSerif-Italic-C3H0VqGB.woff2        12.03 kB
#16 56.07 dist/assets/KaTeX_SansSerif-Bold-D1sUS0GD.woff2          12.22 kB
#16 56.07 dist/assets/KaTeX_Size1-Regular-Dbsnue_I.ttf             12.23 kB
#16 56.07 dist/assets/KaTeX_SansSerif-Regular-CS6fqUqJ.woff        12.32 kB
#16 56.07 dist/assets/KaTeX_Caligraphic-Regular-wX97UBjC.ttf       12.34 kB
#16 56.07 dist/assets/KaTeX_Caligraphic-Bold-ATXxdsX0.ttf          12.37 kB
#16 56.07 dist/assets/KaTeX_Fraktur-Regular-Dxdc4cR9.woff          13.21 kB
#16 56.07 dist/assets/KaTeX_Fraktur-Bold-BsDP51OF.woff             13.30 kB
#16 56.07 dist/assets/KaTeX_Typewriter-Regular-CO6r4hn1.woff2      13.57 kB
#16 56.07 dist/assets/KaTeX_SansSerif-Italic-DN2j7dab.woff         14.11 kB
#16 56.07 dist/assets/KaTeX_SansSerif-Bold-DbIhKOiC.woff           14.41 kB
#16 56.07 dist/assets/KaTeX_Typewriter-Regular-C0xS9mPB.woff       16.03 kB
#16 56.07 dist/assets/KaTeX_Math-BoldItalic-CZnvNsCZ.woff2         16.40 kB
#16 56.07 dist/assets/KaTeX_Math-Italic-t53AETM-.woff2             16.44 kB
#16 56.07 dist/assets/KaTeX_Script-Regular-C5JkGWo-.ttf            16.65 kB
#16 56.07 dist/assets/KaTeX_Main-BoldItalic-DxDJ3AOS.woff2         16.78 kB
#16 56.07 dist/assets/KaTeX_Main-Italic-NWA7e6Wa.woff2             16.99 kB
#16 56.07 dist/assets/KaTeX_Math-BoldItalic-iY-2wyZ7.woff          18.67 kB
#16 56.07 dist/assets/KaTeX_Math-Italic-DA0__PXp.woff              18.75 kB
#16 56.08 dist/assets/KaTeX_Main-BoldItalic-SpSLRI95.woff          19.41 kB
#16 56.08 dist/assets/KaTeX_SansSerif-Regular-BNo7hRIc.ttf         19.44 kB
#16 56.08 dist/assets/KaTeX_Fraktur-Regular-CB_wures.ttf           19.57 kB
#16 56.08 dist/assets/KaTeX_Fraktur-Bold-BdnERNNW.ttf              19.58 kB
#16 56.08 dist/assets/KaTeX_Main-Italic-BMLOBm91.woff              19.68 kB
#16 56.08 dist/assets/KaTeX_SansSerif-Italic-YYjJ1zSn.ttf          22.36 kB
#16 56.08 dist/assets/KaTeX_SansSerif-Bold-CFMepnvq.ttf            24.50 kB
#16 56.08 dist/assets/KaTeX_Main-Bold-Cx986IdX.woff2               25.32 kB
#16 56.08 dist/assets/KaTeX_Main-Regular-B22Nviop.woff2            26.27 kB
#16 56.08 dist/assets/KaTeX_Typewriter-Regular-D3Ib7_Hf.ttf        27.56 kB
#16 56.08 dist/assets/KaTeX_AMS-Regular-BQhdFMY1.woff2             28.08 kB
#16 56.08 dist/assets/KaTeX_Main-Bold-Jm3AIy58.woff                29.91 kB
#16 56.08 dist/assets/KaTeX_Main-Regular-Dr94JaBh.woff             30.77 kB
#16 56.08 dist/assets/KaTeX_Math-BoldItalic-B3XSjfu4.ttf           31.20 kB
#16 56.08 dist/assets/KaTeX_Math-Italic-flOr_0UB.ttf               31.31 kB
#16 56.08 dist/assets/KaTeX_Main-BoldItalic-DzxPMmG6.ttf           32.97 kB
#16 56.08 dist/assets/KaTeX_AMS-Regular-DMm9YOAa.woff              33.52 kB
#16 56.08 dist/assets/KaTeX_Main-Italic-3WenGoN9.ttf               33.58 kB
#16 56.08 dist/assets/KaTeX_Main-Bold-waoOVXN0.ttf                 51.34 kB
#16 56.08 dist/assets/KaTeX_Main-Regular-ypZvNtVU.ttf              53.58 kB
#16 56.08 dist/assets/KaTeX_AMS-Regular-DRggAlZN.ttf               63.63 kB
#16 56.08 dist/assets/index-YQTv0EVb.css                           62.70 kB │ gzip:  15.33 kB
#16 56.08 dist/assets/LiveRegion-Bw73H2R3.js                        0.24 kB │ gzip:   0.21 kB │ map:     0.65 kB
#16 56.08 dist/assets/editions-CB3WjYM1.js                          0.30 kB │ gzip:   0.25 kB │ map:     0.78 kB
#16 56.08 dist/assets/Skeleton-dzQRrxX3.js                          0.39 kB │ gzip:   0.31 kB │ map:     0.93 kB
#16 56.08 dist/assets/Stat-D2eTMXPg.js                              0.49 kB │ gzip:   0.32 kB │ map:     0.98 kB
#16 56.08 dist/assets/Formula-my0d8GtD.js                           0.54 kB │ gzip:   0.40 kB │ map:     1.58 kB
#16 56.08 dist/assets/grades-BkMRjyp3.js                            0.65 kB │ gzip:   0.36 kB │ map:     1.36 kB
#16 56.08 dist/assets/Card-Cwo9pYXJ.js                              0.79 kB │ gzip:   0.47 kB │ map:     2.12 kB
#16 56.08 dist/assets/PageHeader-B6didEkV.js                        0.87 kB │ gzip:   0.49 kB │ map:     1.94 kB
#16 56.08 dist/assets/rankerColor-BF1zgxIj.js                       0.88 kB │ gzip:   0.57 kB │ map:     3.74 kB
#16 56.08 dist/assets/Toggle-DuTd5G7j.js                            0.95 kB │ gzip:   0.56 kB │ map:     2.18 kB
#16 56.08 dist/assets/useEventSource-CvEpVr4Y.js                    1.00 kB │ gzip:   0.61 kB │ map:     4.63 kB
#16 56.08 dist/assets/HelpTip-CYnGhOrA.js                           1.19 kB │ gzip:   0.70 kB │ map:     3.14 kB
#16 56.08 dist/assets/GradeDistribution-Bmpz9s6x.js                 1.20 kB │ gzip:   0.74 kB │ map:     3.14 kB
#16 56.08 dist/assets/Table-CZJG7-r4.js                             1.23 kB │ gzip:   0.65 kB │ map:     3.60 kB
#16 56.08 dist/assets/Badge-DemkA9lm.js                             1.29 kB │ gzip:   0.67 kB │ map:     3.43 kB
#16 56.08 dist/assets/GroupedBarsWithCI-DQ55AmuT.js                 1.58 kB │ gzip:   0.92 kB │ map:     4.48 kB
#16 56.08 dist/assets/useEvaluationContext-BP9guNpo.js              1.60 kB │ gzip:   0.83 kB │ map:     6.22 kB
#16 56.08 dist/assets/Dialog-C-rU-KAn.js                            1.61 kB │ gzip:   0.87 kB │ map:     3.89 kB
#16 56.08 dist/assets/ChartFrame-Bxwx-X5i.js                        1.65 kB │ gzip:   0.81 kB │ map:     4.30 kB
#16 56.08 dist/assets/formulas-C8IoxAnX.js                          2.50 kB │ gzip:   1.12 kB │ map:     4.18 kB
#16 56.08 dist/assets/index-D-9Yk7B7.js                             3.04 kB │ gzip:   1.48 kB │ map:    18.40 kB
#16 56.08 dist/assets/useMutation-B3hJ85Ba.js                       3.29 kB │ gzip:   1.36 kB │ map:     9.43 kB
#16 56.08 dist/assets/useQueries-DHeN8FaH.js                        4.60 kB │ gzip:   1.95 kB │ map:    18.33 kB
#16 56.08 dist/assets/EvaluationLayout-shh_0g59.js                  5.22 kB │ gzip:   2.18 kB │ map:    11.32 kB
#16 56.08 dist/assets/DocumentPage-W_drLGWj.js                      5.36 kB │ gzip:   2.30 kB │ map:    13.85 kB
#16 56.08 dist/assets/metricsRu-Ccau3cGR.js                         5.50 kB │ gzip:   2.08 kB │ map:     7.67 kB
#16 56.08 dist/assets/VectorSpace-BTCp_hps.js                       5.72 kB │ gzip:   2.41 kB │ map:    18.50 kB
#16 56.08 dist/assets/ComparePage-BK_et0Eh.js                       5.87 kB │ gzip:   2.31 kB │ map:    14.95 kB
#16 56.08 dist/assets/OverviewPage-C8d-wms0.js                      6.17 kB │ gzip:   2.62 kB │ map:    17.08 kB
#16 56.08 dist/assets/JudgePage-DphbZb9a.js                         6.46 kB │ gzip:   2.80 kB │ map:    14.80 kB
#16 56.08 dist/assets/CorpusPage-C1hquxxy.js                        6.99 kB │ gzip:   2.87 kB │ map:    17.68 kB
#16 56.08 dist/assets/SignificancePage-Cq5s_lsR.js                  7.36 kB │ gzip:   3.01 kB │ map:    18.31 kB
#16 56.08 dist/assets/CurvesPage-B1auId0f.js                        7.56 kB │ gzip:   3.06 kB │ map:    23.18 kB
#16 56.08 dist/assets/PerQueryPage-I3W1RWVW.js                      7.76 kB │ gzip:   3.14 kB │ map:    21.85 kB
#16 56.08 dist/assets/LabPage-BUsTnGIL.js                          12.13 kB │ gzip:   4.84 kB │ map:    32.53 kB
#16 56.08 dist/assets/CollectionPage-CBl70Xfr.js                   13.15 kB │ gzip:   4.70 kB │ map:    35.13 kB
#16 56.08 dist/assets/CrawlPage-VLmvTDPc.js                        15.09 kB │ gzip:   5.25 kB │ map:    41.74 kB
#16 56.08 dist/assets/SearchPage-BwgNzRB_.js                       17.20 kB │ gzip:   5.94 kB │ map:    46.91 kB
#16 56.08 dist/assets/HelpPage-C2tXIYNS.js                         36.68 kB │ gzip:  12.69 kB │ map:    54.45 kB
#16 56.08 dist/assets/math-Dc8nsIP1.js                            261.12 kB │ gzip:  77.54 kB │ map:   975.35 kB
#16 56.08 dist/assets/index-DCslyRoy.js                           386.99 kB │ gzip: 121.43 kB │ map: 1,577.31 kB
#16 56.08 dist/assets/charts-D2Umv1Qj.js                          406.28 kB │ gzip: 112.09 kB │ map: 1,742.43 kB
#16 56.08 dist/assets/three-DtaJLtkj.js                         1,078.00 kB │ gzip: 299.85 kB │ map: 4,211.56 kB
#16 56.08 
#16 56.08 (!) Some chunks are larger than 500 kB after minification. Consider:
#16 56.08 - Using dynamic import() to code-split the application
#16 56.08 - Use build.rollupOptions.output.manualChunks to improve chunking: https://rollupjs.org/configuration-options/#output-manualchunks
#16 56.08 - Adjust chunk size limit for this warning via build.chunkSizeWarningLimit.
#16 56.09 ✓ built in 11.63s
#16 DONE 56.4s

#17 [runtime 2/4] RUN rm /etc/nginx/conf.d/default.conf
#17 CACHED

#18 [runtime 3/4] COPY nginx.conf /etc/nginx/conf.d/irs.conf
#18 CACHED

#19 [runtime 4/4] COPY --from=builder /app/dist /usr/share/nginx/html
#19 DONE 0.1s

#20 exporting to image
#20 exporting layers
#20 exporting layers 0.7s done
#20 exporting manifest sha256:078d32b20181cb00f64033512d3b531eceef67bfa99e5303c3031bd3df9f34ae 0.0s done
#20 exporting config sha256:27b51a5148a5bd26ecc2bc71d56e8f5009f7abdc0234a1f2646a195ce5c8f62e 0.0s done
#20 exporting attestation manifest sha256:0f1aaa6840330516dee901faf1fefb1df279229cd4ecc95ec9deb9a6811ac33f 0.0s done
#20 exporting manifest list sha256:3b118fe937cad851c4c6b766fc35b82ad41b0c1ade913ede9c37d681c606cd6d 0.0s done
#20 naming to docker.io/library/irs-frontend:latest done
#20 unpacking to docker.io/library/irs-frontend:latest 0.1s done
#20 DONE 0.9s

#21 resolving provenance for metadata file
#21 DONE 0.0s
 Image irs-frontend:latest Built 
 Container irs-redis Running 
 Container irs-api Running 
 Container irs-postgres Running 
 Container irs-web Recreate 
 Container irs-web Recreated 
 Container irs-postgres Waiting 
 Container irs-redis Waiting 
 Container irs-redis Healthy 
 Container irs-postgres Healthy 
 Container irs-api Waiting 
 Container irs-api Healthy 
 Container irs-web Starting 
 Container irs-web Started 
exit 0
